2026-03-25 09:51:29,080 - root - INFO - Starting Bug Tracker API
2026-03-25 09:51:29,081 - root - INFO - Database URL: sqlite:///./bugtracker.db
2026-03-25 09:51:29,081 - root - INFO - Log file: C:\Users\Kaviyasri.venkatesan\OneDrive - Agilisium Consulting India Private Limited\Documents\bug_tracker_task\logs\app.log
2026-03-25 09:51:29,088 - root - INFO - Database tables created/verified
2026-03-25 09:51:57,489 - root - INFO - Starting Bug Tracker API
2026-03-25 09:51:57,489 - root - INFO - Database URL: sqlite:///./bugtracker.db
2026-03-25 09:51:57,489 - root - INFO - Log file: C:\Users\Kaviyasri.venkatesan\OneDrive - Agilisium Consulting India Private Limited\Documents\bug_tracker_task\logs\app.log
2026-03-25 09:51:57,490 - root - INFO - Database tables created/verified
2026-03-25 09:53:35,016 - root - WARNING - Validation Error: [{'type': 'value_error', 'loc': ('body', 'reporter_email'), 'msg': 'value is not a valid email address: An email address must have an @-sign.', 'input': 'usergmail.com', 'ctx': {'reason': 'An email address must have an @-sign.'}}] - Path: /api/v1/issues
2026-03-25 09:53:38,761 - root - WARNING - Validation Error: [{'type': 'value_error', 'loc': ('body', 'reporter_email'), 'msg': 'value is not a valid email address: An email address must have an @-sign.', 'input': 'usergmail.com', 'ctx': {'reason': 'An email address must have an @-sign.'}}] - Path: /api/v1/issues
2026-03-25 09:53:54,092 - root - INFO - Creating new issue: Login button not working
2026-03-25 09:53:54,096 - root - ERROR - Failed to create issue in database: (sqlite3.OperationalError) table issues has no column named reporter_email
[SQL: INSERT INTO issues (title, description, priority, status, reporter_email, created_at, updated_at) VALUES (?, ?, ?, ?, ?, ?, ?)]
[parameters: ('Login button not working', 'When clicking the login button, nothing happens...', 'High', 'Open', 'user@gmail.com', '2026-03-25 04:23:54.095622', None)]
(Background on this error at: https://sqlalche.me/e/20/e3q8)
2026-03-25 09:53:54,097 - root - ERROR - Failed to create issue: (sqlite3.OperationalError) table issues has no column named reporter_email
[SQL: INSERT INTO issues (title, description, priority, status, reporter_email, created_at, updated_at) VALUES (?, ?, ?, ?, ?, ?, ?)]
[parameters: ('Login button not working', 'When clicking the login button, nothing happens...', 'High', 'Open', 'user@gmail.com', '2026-03-25 04:23:54.095622', None)]
(Background on this error at: https://sqlalche.me/e/20/e3q8)
2026-03-25 09:53:54,098 - root - ERROR - Database Error: (sqlite3.OperationalError) table issues has no column named reporter_email
[SQL: INSERT INTO issues (title, description, priority, status, reporter_email, created_at, updated_at) VALUES (?, ?, ?, ?, ?, ?, ?)]
[parameters: ('Login button not working', 'When clicking the login button, nothing happens...', 'High', 'Open', 'user@gmail.com', '2026-03-25 04:23:54.095622', None)]
(Background on this error at: https://sqlalche.me/e/20/e3q8) - Path: /api/v1/issues
NoneType: None
2026-03-25 09:57:28,401 - root - INFO - Shutting down Bug Tracker API
2026-03-25 09:58:48,544 - root - INFO - Shutting down Bug Tracker API
2026-03-25 09:58:49,683 - root - INFO - Starting Bug Tracker API
2026-03-25 09:58:49,683 - root - INFO - Database URL: sqlite:///./bugtracker.db
2026-03-25 09:58:49,684 - root - INFO - Log file: C:\Users\Kaviyasri.venkatesan\OneDrive - Agilisium Consulting India Private Limited\Documents\bug_tracker_task\logs\app.log
2026-03-25 09:58:49,685 - root - INFO - Database tables created/verified
2026-03-25 09:59:46,595 - root - INFO - Starting Bug Tracker API
2026-03-25 09:59:46,595 - root - INFO - Database URL: sqlite:///./bugtracker.db
2026-03-25 09:59:46,595 - root - INFO - Log file: C:\Users\Kaviyasri.venkatesan\OneDrive - Agilisium Consulting India Private Limited\Documents\bug_tracker_task\logs\app.log
2026-03-25 09:59:46,617 - root - INFO - Database tables created/verified
2026-03-25 10:01:29,568 - root - INFO - Creating new issue: register button not working
2026-03-25 10:01:29,583 - root - INFO - Issue created in database: 1
2026-03-25 10:01:29,583 - root - INFO - Issue created successfully with ID: 1
2026-03-25 10:01:31,966 - root - INFO - Creating new issue: register button not working
2026-03-25 10:01:31,978 - root - INFO - Issue created in database: 2
2026-03-25 10:01:31,978 - root - INFO - Issue created successfully with ID: 2
2026-03-25 10:04:52,054 - root - INFO - Creating new issue: login button not working
2026-03-25 10:04:52,063 - root - INFO - Issue created in database: 3
2026-03-25 10:04:52,063 - root - INFO - Issue created successfully with ID: 3
2026-03-25 10:05:30,932 - root - INFO - Fetching issues: skip=0, limit=100
2026-03-25 10:05:30,934 - root - INFO - Retrieved 3 issues
2026-03-25 10:05:48,030 - root - INFO - Deleting issue 2
2026-03-25 10:05:48,044 - root - INFO - Issue deleted from database: 2
2026-03-25 10:05:48,044 - root - INFO - Issue deleted successfully: 2
2026-03-25 10:05:50,845 - root - INFO - Deleting issue 2
2026-03-25 10:05:50,846 - root - WARNING - Issue not found for deletion: 2
2026-03-25 10:05:50,847 - root - WARNING - HTTP Exception: 404 - Issue not found - Path: /api/v1/issues/2
2026-03-25 10:07:13,509 - root - INFO - Shutting down Bug Tracker API
2026-03-25 10:11:30,638 - root - INFO - Starting Bug Tracker API
2026-03-25 10:11:30,638 - root - INFO - Database URL: sqlite:///./bugtracker.db
2026-03-25 10:11:30,638 - root - INFO - Log file: logs/app.log
2026-03-25 10:11:30,640 - root - INFO - Database tables created/verified
2026-03-25 10:15:20,213 - root - INFO - Starting Bug Tracker API
2026-03-25 10:15:20,213 - root - INFO - Database URL: sqlite:///./bugtracker.db
2026-03-25 10:15:20,213 - root - INFO - Log file: logs/app.log
2026-03-25 10:15:20,232 - root - INFO - Database tables created/verified
2026-03-25 10:15:42,543 - root - INFO - Starting Bug Tracker API
2026-03-25 10:15:42,543 - root - INFO - Database URL: sqlite:///./bugtracker.db
2026-03-25 10:15:42,543 - root - INFO - Log file: logs/app.log
2026-03-25 10:15:42,545 - root - INFO - Database tables created/verified
2026-03-25 10:16:12,665 - root - INFO - Fetching issues: skip=0, limit=100
2026-03-25 10:16:12,670 - root - INFO - Retrieved 0 issues
2026-03-25 10:16:23,008 - root - INFO - Creating new issue: Login button not working
2026-03-25 10:16:23,018 - root - INFO - Issue created in database: 1
2026-03-25 10:16:23,018 - root - INFO - Issue created successfully with ID: 1
2026-03-25 10:16:48,592 - root - INFO - Creating new issue: Register button not working
2026-03-25 10:16:48,600 - root - INFO - Issue created in database: 2
2026-03-25 10:16:48,601 - root - INFO - Issue created successfully with ID: 2
2026-03-25 10:18:03,342 - root - INFO - Shutting down Bug Tracker API
2026-03-25 10:20:52,034 - root - INFO - Shutting down Bug Tracker API
2026-03-25 10:20:53,058 - root - INFO - Starting Bug Tracker API
2026-03-25 10:20:53,059 - root - INFO - Database URL: sqlite:///./bugtracker.db
2026-03-25 10:20:53,059 - root - INFO - Log file: logs/app.log
2026-03-25 10:20:53,060 - root - INFO - Database tables created/verified
2026-03-25 10:37:05,371 - root - INFO - Shutting down Bug Tracker API
2026-03-25 10:37:06,445 - root - INFO - Starting Bug Tracker API
2026-03-25 10:37:06,445 - root - INFO - Database URL: sqlite:///./bugtracker.db
2026-03-25 10:37:06,445 - root - INFO - Log file: logs/app.log
2026-03-25 10:37:06,447 - root - INFO - Database tables created/verified
2026-03-25 10:37:49,770 - root - INFO - Shutting down Bug Tracker API
2026-03-25 10:37:50,757 - root - INFO - Starting Bug Tracker API
2026-03-25 10:37:50,757 - root - INFO - Database URL: sqlite:///./bugtracker.db
2026-03-25 10:37:50,757 - root - INFO - Log file: logs/app.log
2026-03-25 10:37:50,759 - root - INFO - Database tables created/verified
2026-03-25 10:39:41,859 - root - INFO - Shutting down Bug Tracker API
2026-03-25 10:39:43,137 - root - INFO - Starting Bug Tracker API
2026-03-25 10:39:43,138 - root - INFO - Database URL: sqlite:///./bugtracker.db
2026-03-25 10:39:43,138 - root - INFO - Log file: logs/app.log
2026-03-25 10:39:43,140 - root - INFO - Database tables created/verified
2026-03-25 11:46:45,794 - root - INFO - Shutting down Bug Tracker API
2026-03-25 11:46:47,810 - root - INFO - Starting Bug Tracker API
2026-03-25 11:46:47,811 - root - INFO - Database URL: sqlite:///./bugtracker.db
2026-03-25 11:46:47,811 - root - INFO - Log file: logs/app.log
2026-03-25 11:46:47,813 - root - INFO - Database tables created/verified
2026-03-25 11:52:54,165 - root - INFO - Shutting down Bug Tracker API
2026-03-25 11:52:55,600 - root - INFO - Starting Bug Tracker API
2026-03-25 11:52:55,600 - root - INFO - Database URL: sqlite:///./bugtracker.db
2026-03-25 11:52:55,600 - root - INFO - Log file: logs/app.log
2026-03-25 11:52:55,602 - root - INFO - Database tables created/verified
2026-03-25 12:10:22,108 - root - INFO - Shutting down Bug Tracker API
2026-03-25 12:10:23,280 - root - INFO - Starting Bug Tracker API
2026-03-25 12:10:23,281 - root - INFO - Database URL: sqlite:///./bugtracker.db
2026-03-25 12:10:23,281 - root - INFO - Log file: logs/app.log
2026-03-25 12:10:23,282 - root - INFO - Database tables created/verified
2026-03-25 12:16:35,861 - root - INFO - Shutting down Bug Tracker API
2026-03-25 12:16:36,750 - root - INFO - Starting Bug Tracker API
2026-03-25 12:16:36,750 - root - INFO - Database URL: sqlite:///./bugtracker.db
2026-03-25 12:16:36,750 - root - INFO - Log file: logs/app.log
2026-03-25 12:16:36,752 - root - INFO - Database tables created/verified
2026-03-25 12:18:07,424 - root - INFO - Shutting down Bug Tracker API
2026-03-25 12:18:08,392 - root - INFO - Starting Bug Tracker API
2026-03-25 12:18:08,392 - root - INFO - Database URL: sqlite:///./bugtracker.db
2026-03-25 12:18:08,392 - root - INFO - Log file: logs/app.log
2026-03-25 12:18:08,394 - root - INFO - Database tables created/verified
2026-03-25 12:21:24,113 - root - INFO - Shutting down Bug Tracker API
2026-03-25 12:21:25,086 - root - INFO - Starting Bug Tracker API
2026-03-25 12:21:25,086 - root - INFO - Database URL: sqlite:///./bugtracker.db
2026-03-25 12:21:25,086 - root - INFO - Log file: logs/app.log
2026-03-25 12:21:25,088 - root - INFO - Database tables created/verified
2026-03-25 12:25:50,010 - root - INFO - Shutting down Bug Tracker API
2026-03-25 12:25:50,955 - root - INFO - Starting Bug Tracker API
2026-03-25 12:25:50,955 - root - INFO - Database URL: sqlite:///./bugtracker.db
2026-03-25 12:25:50,955 - root - INFO - Log file: logs/app.log
2026-03-25 12:25:50,957 - root - INFO - Database tables created/verified
